*** EVALUATION ***
PROGRAM "jalaba28.abs"

*********************************************************************************************
TARGET SECTION
---------------------------------------------------------------------------------------------
Processor   : Freescale HC08
Memory Model: SMALL
File Format : ELF\DWARF 2.0
Linker      : SmartLinker V-5.0.51 Build 14019, Jan 20 2014

*********************************************************************************************
FILE SECTION
---------------------------------------------------------------------------------------------
ADCManager_c.obj                        Model: SMALL,         Lang: ANSI-C
DelayManager_c.obj                      Model: SMALL,         Lang: ANSI-C
DirectionManager_c.obj                  Model: SMALL,         Lang: ANSI-C
LCDManager_c.obj                        Model: SMALL,         Lang: ANSI-C
MTIM_c.obj                              Model: SMALL,         Lang: ANSI-C
MessageManager_c.obj                    Model: SMALL,         Lang: ANSI-C
MotorStringManager_c.obj                Model: SMALL,         Lang: ANSI-C
SCI_c.obj                               Model: SMALL,         Lang: ANSI-C
StringUtilis_c.obj                      Model: SMALL,         Lang: ANSI-C
TEMPERATURE_MANAGER_c.obj               Model: SMALL,         Lang: ANSI-C
TimersManager_c.obj                     Model: SMALL,         Lang: ANSI-C
main_c.obj                              Model: SMALL,         Lang: ANSI-C
start08_c.obj                           Model: SMALL,         Lang: ANSI-C
mc9s08qg8_c.obj                         Model: SMALL,         Lang: ANSI-C
rtshc08.o (ansiis.lib)                  Model: SMALL,         Lang: ANSI-C

*********************************************************************************************
STARTUP SECTION
---------------------------------------------------------------------------------------------
Entry point: 0xE07B (_Startup)
_startupData is allocated at 0xE084 and uses 6 Bytes
extern struct _tagStartup {
  unsigned nofZeroOut     1
  _Range   pZeroOut       0x100     237
  _Copy    *toCopyDownBeg 0xEEEC
} _startupData;

*********************************************************************************************
SECTION-ALLOCATION SECTION
Section Name                    Size  Type     From       To       Segment
---------------------------------------------------------------------------------------------
.data                             92   R/W      0x100      0x15B   RAM
.init                            132     R     0xE000     0xE083   ROM
.startData                        14     R     0xE084     0xE091   ROM
.rodata                           85     R     0xE092     0xE0E6   ROM
.text                           3589     R     0xE0E7     0xEEEB   ROM
.copy                             97     R     0xEEEC     0xEF4C   ROM
.abs_section_fff2                  2     R     0xFFF2     0xFFF3   .absSeg0
.abs_section_ffd0                  2     R     0xFFD0     0xFFD1   .absSeg1
.abs_section_ffe6                  2     R     0xFFE6     0xFFE7   .absSeg2
.abs_section_ffe0                  2     R     0xFFE0     0xFFE1   .absSeg3
.abs_section_ffde                  2     R     0xFFDE     0xFFDF   .absSeg4
.abs_section_0                     1   N/I        0x0        0x0   .absSeg5
.abs_section_1                     1   N/I        0x1        0x1   .absSeg6
.abs_section_2                     1   N/I        0x2        0x2   .absSeg7
.abs_section_3                     1   N/I        0x3        0x3   .absSeg8
.abs_section_c                     1   N/I        0xC        0xC   .absSeg9
.abs_section_d                     1   N/I        0xD        0xD   .absSeg10
.abs_section_e                     1   N/I        0xE        0xE   .absSeg11
.abs_section_f                     1   N/I        0xF        0xF   .absSeg12
.abs_section_10                    1   N/I       0x10       0x10   .absSeg13
.abs_section_11                    1   N/I       0x11       0x11   .absSeg14
.abs_section_16                    1   N/I       0x16       0x16   .absSeg15
.abs_section_17                    1   N/I       0x17       0x17   .absSeg16
.abs_section_1a                    1   N/I       0x1A       0x1A   .absSeg17
.abs_section_22                    1   N/I       0x22       0x22   .absSeg18
.abs_section_23                    1   N/I       0x23       0x23   .absSeg19
.abs_section_24                    1   N/I       0x24       0x24   .absSeg20
.abs_section_25                    1   N/I       0x25       0x25   .absSeg21
.abs_section_26                    1   N/I       0x26       0x26   .absSeg22
.abs_section_27                    1   N/I       0x27       0x27   .absSeg23
.abs_section_28                    1   N/I       0x28       0x28   .absSeg24
.abs_section_29                    1   N/I       0x29       0x29   .absSeg25
.abs_section_2a                    1   N/I       0x2A       0x2A   .absSeg26
.abs_section_2b                    1   N/I       0x2B       0x2B   .absSeg27
.abs_section_2d                    1   N/I       0x2D       0x2D   .absSeg28
.abs_section_30                    1   N/I       0x30       0x30   .absSeg29
.abs_section_31                    1   N/I       0x31       0x31   .absSeg30
.abs_section_32                    1   N/I       0x32       0x32   .absSeg31
.abs_section_33                    1   N/I       0x33       0x33   .absSeg32
.abs_section_34                    1   N/I       0x34       0x34   .absSeg33
.abs_section_38                    1   N/I       0x38       0x38   .absSeg34
.abs_section_39                    1   N/I       0x39       0x39   .absSeg35
.abs_section_3a                    1   N/I       0x3A       0x3A   .absSeg36
.abs_section_3b                    1   N/I       0x3B       0x3B   .absSeg37
.abs_section_3c                    1   N/I       0x3C       0x3C   .absSeg38
.abs_section_3d                    1   N/I       0x3D       0x3D   .absSeg39
.abs_section_3e                    1   N/I       0x3E       0x3E   .absSeg40
.abs_section_3f                    1   N/I       0x3F       0x3F   .absSeg41
.abs_section_40                    1   N/I       0x40       0x40   .absSeg42
.abs_section_45                    1   N/I       0x45       0x45   .absSeg43
.abs_section_48                    1   N/I       0x48       0x48   .absSeg44
.abs_section_1800                  1   N/I     0x1800     0x1800   .absSeg45
.abs_section_1801                  1   N/I     0x1801     0x1801   .absSeg46
.abs_section_1802                  1   N/I     0x1802     0x1802   .absSeg47
.abs_section_1803                  1   N/I     0x1803     0x1803   .absSeg48
.abs_section_1808                  1   N/I     0x1808     0x1808   .absSeg49
.abs_section_1809                  1   N/I     0x1809     0x1809   .absSeg50
.abs_section_180a                  1   N/I     0x180A     0x180A   .absSeg51
.abs_section_180c                  1   N/I     0x180C     0x180C   .absSeg52
.abs_section_1816                  1   N/I     0x1816     0x1816   .absSeg53
.abs_section_1817                  1   N/I     0x1817     0x1817   .absSeg54
.abs_section_1818                  1   N/I     0x1818     0x1818   .absSeg55
.abs_section_1820                  1   N/I     0x1820     0x1820   .absSeg56
.abs_section_1821                  1   N/I     0x1821     0x1821   .absSeg57
.abs_section_1823                  1   N/I     0x1823     0x1823   .absSeg58
.abs_section_1824                  1   N/I     0x1824     0x1824   .absSeg59
.abs_section_1825                  1   N/I     0x1825     0x1825   .absSeg60
.abs_section_1826                  1   N/I     0x1826     0x1826   .absSeg61
.abs_section_1840                  1   N/I     0x1840     0x1840   .absSeg62
.abs_section_1841                  1   N/I     0x1841     0x1841   .absSeg63
.abs_section_1842                  1   N/I     0x1842     0x1842   .absSeg64
.abs_section_1844                  1   N/I     0x1844     0x1844   .absSeg65
.abs_section_1845                  1   N/I     0x1845     0x1845   .absSeg66
.abs_section_1846                  1   N/I     0x1846     0x1846   .absSeg67
.abs_section_12                    2   N/I       0x12       0x13   .absSeg68
.abs_section_14                    2   N/I       0x14       0x15   .absSeg69
.abs_section_20                    2   N/I       0x20       0x21   .absSeg70
.abs_section_41                    2   N/I       0x41       0x42   .absSeg71
.abs_section_43                    2   N/I       0x43       0x44   .absSeg72
.abs_section_46                    2   N/I       0x46       0x47   .absSeg73
.abs_section_49                    2   N/I       0x49       0x4A   .absSeg74
.abs_section_1806                  2   N/I     0x1806     0x1807   .absSeg75
.abs_section_1810                  2   N/I     0x1810     0x1811   .absSeg76
.abs_section_1812                  2   N/I     0x1812     0x1813   .absSeg77
.abs_section_1814                  2   N/I     0x1814     0x1815   .absSeg78
.bss                             107   R/W      0x15C      0x1C6   RAM
.common                           38   R/W      0x1C7      0x1EC   RAM
.stack                            64   R/W      0x1ED      0x22C   RAM
.vectSeg79_vect                    2     R     0xFFFE     0xFFFF   .vectSeg79

Summary of section sizes per section type:
READ_ONLY (R):         F59 (dec:     3929)
READ_WRITE (R/W):      12D (dec:      301)
NO_INIT (N/I):          55 (dec:       85)

*********************************************************************************************
VECTOR-ALLOCATION SECTION
    Address     InitValue   InitFunction
---------------------------------------------------------------------------------------------
     0xFFFE        0xE07B   _Startup

*********************************************************************************************
OBJECT-ALLOCATION SECTION
     Name               Module                 Addr   hSize   dSize     Ref    Section   RLIB
---------------------------------------------------------------------------------------------
MODULE:                 -- ADCManager_c.obj --
- PROCEDURES:
     ADC_Init                                  E0E7       6       6       1   .text       
     ADC_Read                                  E0ED       6       6       1   .text       
- VARIABLES:
MODULE:                 -- DelayManager_c.obj --
- PROCEDURES:
     DelayManager_Init                         E0F3      1E      30       2   .text       
     DelayManager_getTimeUs                    E111      42      66       1   .text       
- VARIABLES:
MODULE:                 -- DirectionManager_c.obj --
- PROCEDURES:
     DirectionManager_Init                     E153       6       6       1   .text       
     DirectionManager_Move                     E159       C      12       3   .text       
     DirectionManager_setDirection             E165       4       4       3   .text       
- VARIABLES:
     direction                                  1C7       1       1       3   .common     
MODULE:                 -- LCDManager_c.obj --
- PROCEDURES:
     LCDManager_TimerInit                      E169      16      22       1   .text       
     LCDManager_Refresh                        E17F       F      15       1   .text       
     LCDManager_setData                        E18E      26      38       3   .text       
     LCDManager_Init                           E1B4      1A      26       1   .text       
     LCDManager_SendData                       E1CE      43      67       1   .text       
     ISR_TPMC1                                 E211      1B      27       1   .text       
     ISR_RTI                                   E22C       D      13       1   .text       
- VARIABLES:
     InitLCD                                   E092       A      10       1   .rodata     
     LCDDispData                                100      19      25       5   .data       
     instCounter                                15C       1       1       2   .bss        
     msgCounter                                 15D       1       1       3   .bss        
     _Vector_6                                 FFF2       2       2       0   .abs_section_fff2
     _Vector_23                                FFD0       2       2       0   .abs_section_ffd0
     initmode                                   1C8       1       1       3   .common     
     sending                                    1C9       1       1       4   .common     
MODULE:                 -- MTIM_c.obj --
- PROCEDURES:
     MTIM_Init                                 E239       A      10       1   .text       
     MTIM_RegisterIsrCallback                  E243       9       9       1   .text       
     MTIM_isr                                  E24C       D      13       1   .text       
- VARIABLES:
     sMtimIsrCallback                           15E       2       2       2   .bss        
     _Vector_12                                FFE6       2       2       0   .abs_section_ffe6
MODULE:                 -- MessageManager_c.obj --
- PROCEDURES:
     MsgManager_Init                           E259      1D      29       1   .text       
     MsgManager_updateDir                      E276      31      49       1   .text       
     MsgManager_updateSpeed                    E2A7       F      15       1   .text       
     MsgManager_updateTemp                     E2B6      21      33       1   .text       
     MsgManager_SendMessage                    E2D7       3       3       3   .text       
     MsgManager_TxisBusy                       E2DA       3       3       3   .text       
     MsgManager_GetMessageReceived             E2DD      71     113       1   .text       
     MsgManager_isNewMessageReady              E34E       B      11       1   .text       
     MsgManager_clearMsg                       E359      18      24       2   .text       
     MsgManager_ReceiveMessage                 E371      47      71       1   .text       
- VARIABLES:
     DispData                                   119      19      25      12   .data       
     MsgManager_Buffer1                         160      1A      26       4   .bss        
     MsgManager_Buffer2                         17A      1A      26       4   .bss        
     Buffer_Select                              194       1       1       3   .bss        
     MsgManagerBuffer1_isFull                   195       1       1       5   .bss        
     MsgManagerBuffer2_isFull                   196       1       1       4   .bss        
     RxIndex                                    197       1       1       4   .bss        
MODULE:                 -- MotorStringManager_c.obj --
- PROCEDURES:
     MotorStringManager_Init                   E3B8      3D      61       1   .text       
     MotorStringManager_RotateCounterClockwise       E3F5      48      72       1   .text       
     MotorStringManager_RotateClockwise        E43D      48      72       1   .text       
- VARIABLES:
     portA2seq                                  132       8       8       3   .data       
     portA3seq                                  13A       8       8       3   .data       
     portB6seq                                  142       8       8       3   .data       
     portB7seq                                  14A       8       8       3   .data       
     s_index                                    198       1       1       5   .bss        
MODULE:                 -- SCI_c.obj --
- PROCEDURES:
     SCI_RX                                    E485       E      14       1   .text       
     SCI_TxISR                                 E493      20      32       1   .text       
     SCI_InitTx                                E4B3       8       8       1   .text       
     SCI_InitRx                                E4BB       A      10       1   .text       
     SCI_SendMessage                           E4C5      40      64       1   .text       
     SCI_TxIsBusy                              E505       4       4       1   .text       
     SCI_SetRxCallBack                         E509       9       9       1   .text       
     SCI_getChar                               E512       3       3       3   .text       
- VARIABLES:
     _fnRxCallback                              199       2       2       2   .bss        
     _cTxMSG                                    19B      1A      26       2   .bss        
     _u8TxSize                                  1B5       1       1       2   .bss        
     _u8TxIndex                                 1B6       1       1       3   .bss        
     _Vector_15                                FFE0       2       2       0   .abs_section_ffe0
     _Vector_16                                FFDE       2       2       0   .abs_section_ffde
     bTX_IsBusy                                 1CA       1       1       4   .common     
MODULE:                 -- StringUtilis_c.obj --
- PROCEDURES:
     StringUtils_Str2Num                       E515      88     136       3   .text       
     StringUtils_Num2Str                       E59D      E3     227       2   .text       
     StringUtils_strcmp                        E680      3B      59       9   .text       
- VARIABLES:
MODULE:                 -- TEMPERATURE_MANAGER_c.obj --
- PROCEDURES:
     TEMPERATURE_Read                          E6BB       A      10       1   .text       
     TEMPERATURE_Init                          E6C5       3       3       1   .text       
- VARIABLES:
MODULE:                 -- TimersManager_c.obj --
- PROCEDURES:
     TimersMngr_Init                           E6C8      41      65       1   .text       
     TimersMngr_PeriodicTask                   E709      D0     208       6   .text       
     TimersMngr_CreateTimer                    E7D9      2D      45       1   .text       
     TimersMngr_StartTimer                     E806      3D      61       5   .text       
     TimersMngr_TimerHasElapsed                E843      24      36       3   .text       
     TimersMngr_UpdateCount                    E867       9       9       3   .text       
- VARIABLES:
     sTimersObjArray                            1B7       C      12      25   .bss        
     su8Timers                                  1C3       1       1       5   .bss        
     su16ElapsedTime                            1C4       2       2       4   .bss        
     su8ActiveTimers                            1C6       1       1       2   .bss        
MODULE:                 -- main_c.obj --
- PROCEDURES:
     tryAgain                                  E870      13      19       4   .text       
     main                                      E883     2E0     736      10   .text       
- VARIABLES:
     optDirCw                                  E09C       4       4       1   .rodata     
     optDirCcw                                 E0A0       5       5       1   .rodata     
     optMotorOff                               E0A5       5       5       1   .rodata     
     optMotorOn                                E0AA       4       4       1   .rodata     
     msgMotor                                  E0AE       7       7       1   .rodata     
     msgRps                                    E0B5       5       5       1   .rodata     
     msgDir                                    E0BA       5       5       1   .rodata     
     msgStep                                   E0BF       9       9       1   .rodata     
     msgStepCcw                                E0C8       A      10       1   .rodata     
     msgDone                                   E0D2       8       8       1   .rodata     
     invalidMsg                                E0DA       D      13       1   .rodata     
     tempMsg                                    152       A      10       3   .data       
     tempTimerID                                1CB       1       1       3   .common     
     variableStepperTime                        1CC       2       2       5   .common     
     motorDirection                             1CE       1       1       5   .common     
     currMsg                                    1CF      1A      26      15   .common     
     motorState                                 1E9       1       1       5   .common     
     msgSuccess                                 1EA       1       1      10   .common     
     temperatureLimit                           1EB       2       2       1   .common     
MODULE:                 -- start08_c.obj --
- PROCEDURES:
     loadByte                                  E000       E      14       5   .init       
     Init                                      E00E      6D     109       1   .init       
     _Startup                                  E07B       9       9       0   .init       
- VARIABLES:
     _startupData                              E084       6       6       4   .startData  
- LABELS:
     __SEG_END_SSTACK                           22D       0       0       1               
MODULE:                 -- mc9s08qg8_c.obj --
- PROCEDURES:
- VARIABLES:
     _PTAD                                        0       1       1      12   .abs_section_0
     _PTADD                                       1       1       1       2   .abs_section_1
     _PTBD                                        2       1       1      15   .abs_section_2
     _PTBDD                                       3       1       1       3   .abs_section_3
     _KBISC                                       C       1       1       0   .abs_section_c
     _KBIPE                                       D       1       1       0   .abs_section_d
     _KBIES                                       E       1       1       0   .abs_section_e
     _IRQSC                                       F       1       1       0   .abs_section_f
     _ADCSC1                                     10       1       1       2   .abs_section_10
     _ADCSC2                                     11       1       1       0   .abs_section_11
     _ADCCFG                                     16       1       1       0   .abs_section_16
     _APCTL1                                     17       1       1       1   .abs_section_17
     _ACMPSC                                     1A       1       1       0   .abs_section_1a
     _SCIC1                                      22       1       1       0   .abs_section_22
     _SCIC2                                      23       1       1       5   .abs_section_23
     _SCIS1                                      24       1       1       2   .abs_section_24
     _SCIS2                                      25       1       1       0   .abs_section_25
     _SCIC3                                      26       1       1       0   .abs_section_26
     _SCID                                       27       1       1       2   .abs_section_27
     _SPIC1                                      28       1       1       1   .abs_section_28
     _SPIC2                                      29       1       1       1   .abs_section_29
     _SPIBR                                      2A       1       1       1   .abs_section_2a
     _SPIS                                       2B       1       1       1   .abs_section_2b
     _SPID                                       2D       1       1       1   .abs_section_2d
     _IICA                                       30       1       1       0   .abs_section_30
     _IICF                                       31       1       1       0   .abs_section_31
     _IICC                                       32       1       1       0   .abs_section_32
     _IICS                                       33       1       1       0   .abs_section_33
     _IICD                                       34       1       1       0   .abs_section_34
     _ICSC1                                      38       1       1       0   .abs_section_38
     _ICSC2                                      39       1       1       0   .abs_section_39
     _ICSTRM                                     3A       1       1       0   .abs_section_3a
     _ICSSC                                      3B       1       1       0   .abs_section_3b
     _MTIMSC                                     3C       1       1       4   .abs_section_3c
     _MTIMCLK                                    3D       1       1       1   .abs_section_3d
     _MTIMCNT                                    3E       1       1       0   .abs_section_3e
     _MTIMMOD                                    3F       1       1       1   .abs_section_3f
     _TPMSC                                      40       1       1       2   .abs_section_40
     _TPMC0SC                                    45       1       1       0   .abs_section_45
     _TPMC1SC                                    48       1       1       4   .abs_section_48
     _SRS                                      1800       1       1       5   .abs_section_1800
     _SBDFR                                    1801       1       1       0   .abs_section_1801
     _SOPT1                                    1802       1       1       0   .abs_section_1802
     _SOPT2                                    1803       1       1       0   .abs_section_1803
     _SRTISC                                   1808       1       1       2   .abs_section_1808
     _SPMSC1                                   1809       1       1       0   .abs_section_1809
     _SPMSC2                                   180A       1       1       0   .abs_section_180a
     _SPMSC3                                   180C       1       1       0   .abs_section_180c
     _DBGC                                     1816       1       1       0   .abs_section_1816
     _DBGT                                     1817       1       1       0   .abs_section_1817
     _DBGS                                     1818       1       1       0   .abs_section_1818
     _FCDIV                                    1820       1       1       0   .abs_section_1820
     _FOPT                                     1821       1       1       0   .abs_section_1821
     _FCNFG                                    1823       1       1       0   .abs_section_1823
     _FPROT                                    1824       1       1       0   .abs_section_1824
     _FSTAT                                    1825       1       1       0   .abs_section_1825
     _FCMD                                     1826       1       1       0   .abs_section_1826
     _PTAPE                                    1840       1       1       0   .abs_section_1840
     _PTASE                                    1841       1       1       0   .abs_section_1841
     _PTADS                                    1842       1       1       0   .abs_section_1842
     _PTBPE                                    1844       1       1       0   .abs_section_1844
     _PTBSE                                    1845       1       1       0   .abs_section_1845
     _PTBDS                                    1846       1       1       0   .abs_section_1846
     _ADCR                                       12       2       2       1   .abs_section_12
     _ADCCV                                      14       2       2       0   .abs_section_14
     _SCIBD                                      20       2       2       2   .abs_section_20
     _TPMCNT                                     41       2       2       0   .abs_section_41
     _TPMMOD                                     43       2       2       0   .abs_section_43
     _TPMC0V                                     46       2       2       0   .abs_section_46
     _TPMC1V                                     49       2       2       3   .abs_section_49
     _SDID                                     1806       2       2       0   .abs_section_1806
     _DBGCA                                    1810       2       2       0   .abs_section_1810
     _DBGCB                                    1812       2       2       0   .abs_section_1812
     _DBGF                                     1814       2       2       0   .abs_section_1814
MODULE:                 -- rtshc08.o (ansiis.lib) --
- PROCEDURES:
     _PUSH_ARGS_L                              EB63      20      32       3   .text       
     _ENTER_BINARY_L                           EB83      16      22       2   .text       
     _ENTER_BINARY_L_RC                        EB99      19      25       3   .text       
     _ENTER_BINARY_L_LC                        EBB2      1A      26       1   .text       
     _IDIVMOD                                  EBCC      69     105       2   .text       
     _k_is_k_plus_j_l                          EC35      1E      30       2   .text       
     _k_is_k_plus_j_i                          EC53      12      18       3   .text       
     _LSUB_k_is_k_minus_j                      EC65      1F      31       2   .text       
     _LMUL_k_is_k_mul_j                        EC84      81     129       1   .text       
     _LDIVMOD                                  ED05      A4     164       1   .text       
     _NEG_L_HX                                 EDA9      13      19       2   .text       
     _ABS_L_HX                                 EDBC       6       6       2   .text       
     _SPLITSIGN_L                              EDC2       A      10       1   .text       
     _LDIVS_k_is_k_div_j                       EDCC      27      39       1   .text       
     _LCMP_k_rel_j                             EDF3      1F      31       2   .text       
     _IMUL_STAR08                              EE12      27      39       2   .text       
     _IDIVU_STAR08                             EE39       D      13       3   .text       
     _IMODU_STAR08                             EE46      10      16       1   .text       
     _IMODU_8                                  EE56      12      18       1   .text       
     _ICMP                                     EE68      16      22       1   .text       
     _LSUB                                     EE7E       6       6       1   .text       
     _LSUB_RC                                  EE84       6       6       1   .text       
     _LMUL_RC                                  EE8A       6       6       2   .text       
     _LDIVS_LC                                 EE90       6       6       1   .text       
     _LCMP                                     EE96       6       6       1   .text       
     _LCMP_RC                                  EE9C       6       6       2   .text       
     _COPY                                     EEA2      30      48       1   .text       
     _POP32                                    EED2      1A      26       4   .text       
- VARIABLES:

*********************************************************************************************
MODULE STATISTIC
  Name                                      Data   Code  Const
---------------------------------------------------------------------------------------------
  ADCManager_c.obj                             0     12      0
  DelayManager_c.obj                           0     96      0
  DirectionManager_c.obj                       1     22      0
  LCDManager_c.obj                            29    208     14
  MTIM_c.obj                                   2     32      2
  MessageManager_c.obj                        81    351      0
  MotorStringManager_c.obj                    33    205      0
  SCI_c.obj                                   31    144      4
  StringUtilis_c.obj                           0    422      0
  TEMPERATURE_MANAGER_c.obj                    0     13      0
  TimersManager_c.obj                         16    424      0
  main_c.obj                                  44    755     75
  start08_c.obj                                0    132      0
  mc9s08qg8_c.obj                             85      0      0
  rtshc08.o (ansiis.lib)                       0    905      0
  other                                       64     16     97

*********************************************************************************************
SECTION USE IN OBJECT-ALLOCATION SECTION
---------------------------------------------------------------------------------------------
SECTION: ".text"
  ADC_Init ADC_Read DelayManager_Init DelayManager_getTimeUs 
  DirectionManager_Init DirectionManager_Move DirectionManager_setDirection 
  LCDManager_TimerInit LCDManager_Refresh LCDManager_setData LCDManager_Init 
  LCDManager_SendData ISR_TPMC1 ISR_RTI MTIM_Init MTIM_RegisterIsrCallback 
  MTIM_isr MsgManager_Init MsgManager_updateDir MsgManager_updateSpeed 
  MsgManager_updateTemp MsgManager_SendMessage MsgManager_TxisBusy 
  MsgManager_GetMessageReceived MsgManager_isNewMessageReady 
  MsgManager_clearMsg MsgManager_ReceiveMessage MotorStringManager_Init 
  MotorStringManager_RotateCounterClockwise MotorStringManager_RotateClockwise 
  SCI_RX SCI_TxISR SCI_InitTx SCI_InitRx SCI_SendMessage SCI_TxIsBusy 
  SCI_SetRxCallBack SCI_getChar StringUtils_Str2Num StringUtils_Num2Str 
  StringUtils_strcmp TEMPERATURE_Read TEMPERATURE_Init TimersMngr_Init 
  TimersMngr_PeriodicTask TimersMngr_CreateTimer TimersMngr_StartTimer 
  TimersMngr_TimerHasElapsed TimersMngr_UpdateCount tryAgain main _PUSH_ARGS_L 
  _ENTER_BINARY_L _ENTER_BINARY_L_RC _ENTER_BINARY_L_LC _IDIVMOD 
  _k_is_k_plus_j_l _k_is_k_plus_j_i _LSUB_k_is_k_minus_j _LMUL_k_is_k_mul_j 
  _LDIVMOD _NEG_L_HX _ABS_L_HX _SPLITSIGN_L _LDIVS_k_is_k_div_j _LCMP_k_rel_j 
  _IMUL_STAR08 _IDIVU_STAR08 _IMODU_STAR08 _IMODU_8 _ICMP _LSUB _LSUB_RC 
  _LMUL_RC _LDIVS_LC _LCMP _LCMP_RC _COPY _POP32 
SECTION: ".data"
  LCDDispData DispData portA2seq portA3seq portB6seq portB7seq tempMsg 
SECTION: ".bss"
  instCounter msgCounter sMtimIsrCallback MsgManager_Buffer1 
  MsgManager_Buffer2 Buffer_Select MsgManagerBuffer1_isFull 
  MsgManagerBuffer2_isFull RxIndex s_index _fnRxCallback _cTxMSG _u8TxSize 
  _u8TxIndex sTimersObjArray su8Timers su16ElapsedTime su8ActiveTimers 
SECTION: ".init"
  loadByte Init _Startup 
SECTION: ".rodata"
  InitLCD optDirCw optDirCcw optMotorOff optMotorOn msgMotor msgRps msgDir 
  msgStep msgStepCcw msgDone invalidMsg 
SECTION: ".common"
  direction initmode sending bTX_IsBusy tempTimerID variableStepperTime 
  motorDirection currMsg motorState msgSuccess temperatureLimit 
SECTION: ".abs_section_fff2"
  _Vector_6 
SECTION: ".abs_section_ffd0"
  _Vector_23 
SECTION: ".abs_section_ffe6"
  _Vector_12 
SECTION: ".abs_section_ffe0"
  _Vector_15 
SECTION: ".abs_section_ffde"
  _Vector_16 
SECTION: ".abs_section_0"
  _PTAD 
SECTION: ".abs_section_1"
  _PTADD 
SECTION: ".abs_section_2"
  _PTBD 
SECTION: ".abs_section_3"
  _PTBDD 
SECTION: ".abs_section_c"
  _KBISC 
SECTION: ".abs_section_d"
  _KBIPE 
SECTION: ".abs_section_e"
  _KBIES 
SECTION: ".abs_section_f"
  _IRQSC 
SECTION: ".abs_section_10"
  _ADCSC1 
SECTION: ".abs_section_11"
  _ADCSC2 
SECTION: ".abs_section_16"
  _ADCCFG 
SECTION: ".abs_section_17"
  _APCTL1 
SECTION: ".abs_section_1a"
  _ACMPSC 
SECTION: ".abs_section_22"
  _SCIC1 
SECTION: ".abs_section_23"
  _SCIC2 
SECTION: ".abs_section_24"
  _SCIS1 
SECTION: ".abs_section_25"
  _SCIS2 
SECTION: ".abs_section_26"
  _SCIC3 
SECTION: ".abs_section_27"
  _SCID 
SECTION: ".abs_section_28"
  _SPIC1 
SECTION: ".abs_section_29"
  _SPIC2 
SECTION: ".abs_section_2a"
  _SPIBR 
SECTION: ".abs_section_2b"
  _SPIS 
SECTION: ".abs_section_2d"
  _SPID 
SECTION: ".abs_section_30"
  _IICA 
SECTION: ".abs_section_31"
  _IICF 
SECTION: ".abs_section_32"
  _IICC 
SECTION: ".abs_section_33"
  _IICS 
SECTION: ".abs_section_34"
  _IICD 
SECTION: ".abs_section_38"
  _ICSC1 
SECTION: ".abs_section_39"
  _ICSC2 
SECTION: ".abs_section_3a"
  _ICSTRM 
SECTION: ".abs_section_3b"
  _ICSSC 
SECTION: ".abs_section_3c"
  _MTIMSC 
SECTION: ".abs_section_3d"
  _MTIMCLK 
SECTION: ".abs_section_3e"
  _MTIMCNT 
SECTION: ".abs_section_3f"
  _MTIMMOD 
SECTION: ".abs_section_40"
  _TPMSC 
SECTION: ".abs_section_45"
  _TPMC0SC 
SECTION: ".abs_section_48"
  _TPMC1SC 
SECTION: ".abs_section_1800"
  _SRS 
SECTION: ".abs_section_1801"
  _SBDFR 
SECTION: ".abs_section_1802"
  _SOPT1 
SECTION: ".abs_section_1803"
  _SOPT2 
SECTION: ".abs_section_1808"
  _SRTISC 
SECTION: ".abs_section_1809"
  _SPMSC1 
SECTION: ".abs_section_180a"
  _SPMSC2 
SECTION: ".abs_section_180c"
  _SPMSC3 
SECTION: ".abs_section_1816"
  _DBGC 
SECTION: ".abs_section_1817"
  _DBGT 
SECTION: ".abs_section_1818"
  _DBGS 
SECTION: ".abs_section_1820"
  _FCDIV 
SECTION: ".abs_section_1821"
  _FOPT 
SECTION: ".abs_section_1823"
  _FCNFG 
SECTION: ".abs_section_1824"
  _FPROT 
SECTION: ".abs_section_1825"
  _FSTAT 
SECTION: ".abs_section_1826"
  _FCMD 
SECTION: ".abs_section_1840"
  _PTAPE 
SECTION: ".abs_section_1841"
  _PTASE 
SECTION: ".abs_section_1842"
  _PTADS 
SECTION: ".abs_section_1844"
  _PTBPE 
SECTION: ".abs_section_1845"
  _PTBSE 
SECTION: ".abs_section_1846"
  _PTBDS 
SECTION: ".abs_section_12"
  _ADCR 
SECTION: ".abs_section_14"
  _ADCCV 
SECTION: ".abs_section_20"
  _SCIBD 
SECTION: ".abs_section_41"
  _TPMCNT 
SECTION: ".abs_section_43"
  _TPMMOD 
SECTION: ".abs_section_46"
  _TPMC0V 
SECTION: ".abs_section_49"
  _TPMC1V 
SECTION: ".abs_section_1806"
  _SDID 
SECTION: ".abs_section_1810"
  _DBGCA 
SECTION: ".abs_section_1812"
  _DBGCB 
SECTION: ".abs_section_1814"
  _DBGF 

*********************************************************************************************
OBJECT LIST SORTED BY ADDRESS
     Name                                      Addr   hSize   dSize     Ref    Section   RLIB
---------------------------------------------------------------------------------------------
     _PTAD                                        0       1       1      12   .abs_section_0
     _PTADD                                       1       1       1       2   .abs_section_1
     _PTBD                                        2       1       1      15   .abs_section_2
     _PTBDD                                       3       1       1       3   .abs_section_3
     _KBISC                                       C       1       1       0   .abs_section_c
     _KBIPE                                       D       1       1       0   .abs_section_d
     _KBIES                                       E       1       1       0   .abs_section_e
     _IRQSC                                       F       1       1       0   .abs_section_f
     _ADCSC1                                     10       1       1       2   .abs_section_10
     _ADCSC2                                     11       1       1       0   .abs_section_11
     _ADCR                                       12       2       2       1   .abs_section_12
     _ADCCV                                      14       2       2       0   .abs_section_14
     _ADCCFG                                     16       1       1       0   .abs_section_16
     _APCTL1                                     17       1       1       1   .abs_section_17
     _ACMPSC                                     1A       1       1       0   .abs_section_1a
     _SCIBD                                      20       2       2       2   .abs_section_20
     _SCIC1                                      22       1       1       0   .abs_section_22
     _SCIC2                                      23       1       1       5   .abs_section_23
     _SCIS1                                      24       1       1       2   .abs_section_24
     _SCIS2                                      25       1       1       0   .abs_section_25
     _SCIC3                                      26       1       1       0   .abs_section_26
     _SCID                                       27       1       1       2   .abs_section_27
     _SPIC1                                      28       1       1       1   .abs_section_28
     _SPIC2                                      29       1       1       1   .abs_section_29
     _SPIBR                                      2A       1       1       1   .abs_section_2a
     _SPIS                                       2B       1       1       1   .abs_section_2b
     _SPID                                       2D       1       1       1   .abs_section_2d
     _IICA                                       30       1       1       0   .abs_section_30
     _IICF                                       31       1       1       0   .abs_section_31
     _IICC                                       32       1       1       0   .abs_section_32
     _IICS                                       33       1       1       0   .abs_section_33
     _IICD                                       34       1       1       0   .abs_section_34
     _ICSC1                                      38       1       1       0   .abs_section_38
     _ICSC2                                      39       1       1       0   .abs_section_39
     _ICSTRM                                     3A       1       1       0   .abs_section_3a
     _ICSSC                                      3B       1       1       0   .abs_section_3b
     _MTIMSC                                     3C       1       1       4   .abs_section_3c
     _MTIMCLK                                    3D       1       1       1   .abs_section_3d
     _MTIMCNT                                    3E       1       1       0   .abs_section_3e
     _MTIMMOD                                    3F       1       1       1   .abs_section_3f
     _TPMSC                                      40       1       1       2   .abs_section_40
     _TPMCNT                                     41       2       2       0   .abs_section_41
     _TPMMOD                                     43       2       2       0   .abs_section_43
     _TPMC0SC                                    45       1       1       0   .abs_section_45
     _TPMC0V                                     46       2       2       0   .abs_section_46
     _TPMC1SC                                    48       1       1       4   .abs_section_48
     _TPMC1V                                     49       2       2       3   .abs_section_49
     LCDDispData                                100      19      25       5   .data       
     DispData                                   119      19      25      12   .data       
     portA2seq                                  132       8       8       3   .data       
     portA3seq                                  13A       8       8       3   .data       
     portB6seq                                  142       8       8       3   .data       
     portB7seq                                  14A       8       8       3   .data       
     tempMsg                                    152       A      10       3   .data       
     instCounter                                15C       1       1       2   .bss        
     msgCounter                                 15D       1       1       3   .bss        
     sMtimIsrCallback                           15E       2       2       2   .bss        
     MsgManager_Buffer1                         160      1A      26       4   .bss        
     MsgManager_Buffer2                         17A      1A      26       4   .bss        
     Buffer_Select                              194       1       1       3   .bss        
     MsgManagerBuffer1_isFull                   195       1       1       5   .bss        
     MsgManagerBuffer2_isFull                   196       1       1       4   .bss        
     RxIndex                                    197       1       1       4   .bss        
     s_index                                    198       1       1       5   .bss        
     _fnRxCallback                              199       2       2       2   .bss        
     _cTxMSG                                    19B      1A      26       2   .bss        
     _u8TxSize                                  1B5       1       1       2   .bss        
     _u8TxIndex                                 1B6       1       1       3   .bss        
     sTimersObjArray                            1B7       C      12      25   .bss        
     su8Timers                                  1C3       1       1       5   .bss        
     su16ElapsedTime                            1C4       2       2       4   .bss        
     su8ActiveTimers                            1C6       1       1       2   .bss        
     direction                                  1C7       1       1       3   .common     
     initmode                                   1C8       1       1       3   .common     
     sending                                    1C9       1       1       4   .common     
     bTX_IsBusy                                 1CA       1       1       4   .common     
     tempTimerID                                1CB       1       1       3   .common     
     variableStepperTime                        1CC       2       2       5   .common     
     motorDirection                             1CE       1       1       5   .common     
     currMsg                                    1CF      1A      26      15   .common     
     motorState                                 1E9       1       1       5   .common     
     msgSuccess                                 1EA       1       1      10   .common     
     temperatureLimit                           1EB       2       2       1   .common     
     _SRS                                      1800       1       1       5   .abs_section_1800
     _SBDFR                                    1801       1       1       0   .abs_section_1801
     _SOPT1                                    1802       1       1       0   .abs_section_1802
     _SOPT2                                    1803       1       1       0   .abs_section_1803
     _SDID                                     1806       2       2       0   .abs_section_1806
     _SRTISC                                   1808       1       1       2   .abs_section_1808
     _SPMSC1                                   1809       1       1       0   .abs_section_1809
     _SPMSC2                                   180A       1       1       0   .abs_section_180a
     _SPMSC3                                   180C       1       1       0   .abs_section_180c
     _DBGCA                                    1810       2       2       0   .abs_section_1810
     _DBGCB                                    1812       2       2       0   .abs_section_1812
     _DBGF                                     1814       2       2       0   .abs_section_1814
     _DBGC                                     1816       1       1       0   .abs_section_1816
     _DBGT                                     1817       1       1       0   .abs_section_1817
     _DBGS                                     1818       1       1       0   .abs_section_1818
     _FCDIV                                    1820       1       1       0   .abs_section_1820
     _FOPT                                     1821       1       1       0   .abs_section_1821
     _FCNFG                                    1823       1       1       0   .abs_section_1823
     _FPROT                                    1824       1       1       0   .abs_section_1824
     _FSTAT                                    1825       1       1       0   .abs_section_1825
     _FCMD                                     1826       1       1       0   .abs_section_1826
     _PTAPE                                    1840       1       1       0   .abs_section_1840
     _PTASE                                    1841       1       1       0   .abs_section_1841
     _PTADS                                    1842       1       1       0   .abs_section_1842
     _PTBPE                                    1844       1       1       0   .abs_section_1844
     _PTBSE                                    1845       1       1       0   .abs_section_1845
     _PTBDS                                    1846       1       1       0   .abs_section_1846
     loadByte                                  E000       E      14       5   .init       
     Init                                      E00E      6D     109       1   .init       
     _Startup                                  E07B       9       9       0   .init       
     InitLCD                                   E092       A      10       1   .rodata     
     optDirCw                                  E09C       4       4       1   .rodata     
     optDirCcw                                 E0A0       5       5       1   .rodata     
     optMotorOff                               E0A5       5       5       1   .rodata     
     optMotorOn                                E0AA       4       4       1   .rodata     
     msgMotor                                  E0AE       7       7       1   .rodata     
     msgRps                                    E0B5       5       5       1   .rodata     
     msgDir                                    E0BA       5       5       1   .rodata     
     msgStep                                   E0BF       9       9       1   .rodata     
     msgStepCcw                                E0C8       A      10       1   .rodata     
     msgDone                                   E0D2       8       8       1   .rodata     
     invalidMsg                                E0DA       D      13       1   .rodata     
     ADC_Init                                  E0E7       6       6       1   .text       
     ADC_Read                                  E0ED       6       6       1   .text       
     DelayManager_Init                         E0F3      1E      30       2   .text       
     DelayManager_getTimeUs                    E111      42      66       1   .text       
     DirectionManager_Init                     E153       6       6       1   .text       
     DirectionManager_Move                     E159       C      12       3   .text       
     DirectionManager_setDirection             E165       4       4       3   .text       
     LCDManager_TimerInit                      E169      16      22       1   .text       
     LCDManager_Refresh                        E17F       F      15       1   .text       
     LCDManager_setData                        E18E      26      38       3   .text       
     LCDManager_Init                           E1B4      1A      26       1   .text       
     LCDManager_SendData                       E1CE      43      67       1   .text       
     ISR_TPMC1                                 E211      1B      27       1   .text       
     ISR_RTI                                   E22C       D      13       1   .text       
     MTIM_Init                                 E239       A      10       1   .text       
     MTIM_RegisterIsrCallback                  E243       9       9       1   .text       
     MTIM_isr                                  E24C       D      13       1   .text       
     MsgManager_Init                           E259      1D      29       1   .text       
     MsgManager_updateDir                      E276      31      49       1   .text       
     MsgManager_updateSpeed                    E2A7       F      15       1   .text       
     MsgManager_updateTemp                     E2B6      21      33       1   .text       
     MsgManager_SendMessage                    E2D7       3       3       3   .text       
     MsgManager_TxisBusy                       E2DA       3       3       3   .text       
     MsgManager_GetMessageReceived             E2DD      71     113       1   .text       
     MsgManager_isNewMessageReady              E34E       B      11       1   .text       
     MsgManager_clearMsg                       E359      18      24       2   .text       
     MsgManager_ReceiveMessage                 E371      47      71       1   .text       
     MotorStringManager_Init                   E3B8      3D      61       1   .text       
     MotorStringManager_RotateCounterClockwise       E3F5      48      72       1   .text       
     MotorStringManager_RotateClockwise        E43D      48      72       1   .text       
     SCI_RX                                    E485       E      14       1   .text       
     SCI_TxISR                                 E493      20      32       1   .text       
     SCI_InitTx                                E4B3       8       8       1   .text       
     SCI_InitRx                                E4BB       A      10       1   .text       
     SCI_SendMessage                           E4C5      40      64       1   .text       
     SCI_TxIsBusy                              E505       4       4       1   .text       
     SCI_SetRxCallBack                         E509       9       9       1   .text       
     SCI_getChar                               E512       3       3       3   .text       
     StringUtils_Str2Num                       E515      88     136       3   .text       
     StringUtils_Num2Str                       E59D      E3     227       2   .text       
     StringUtils_strcmp                        E680      3B      59       9   .text       
     TEMPERATURE_Read                          E6BB       A      10       1   .text       
     TEMPERATURE_Init                          E6C5       3       3       1   .text       
     TimersMngr_Init                           E6C8      41      65       1   .text       
     TimersMngr_PeriodicTask                   E709      D0     208       6   .text       
     TimersMngr_CreateTimer                    E7D9      2D      45       1   .text       
     TimersMngr_StartTimer                     E806      3D      61       5   .text       
     TimersMngr_TimerHasElapsed                E843      24      36       3   .text       
     TimersMngr_UpdateCount                    E867       9       9       3   .text       
     tryAgain                                  E870      13      19       4   .text       
     main                                      E883     2E0     736      10   .text       
     _PUSH_ARGS_L                              EB63      20      32       3   .text       
     _ENTER_BINARY_L                           EB83      16      22       2   .text       
     _ENTER_BINARY_L_RC                        EB99      19      25       3   .text       
     _ENTER_BINARY_L_LC                        EBB2      1A      26       1   .text       
     _IDIVMOD                                  EBCC      69     105       2   .text       
     _k_is_k_plus_j_l                          EC35      1E      30       2   .text       
     _k_is_k_plus_j_i                          EC53      12      18       3   .text       
     _LSUB_k_is_k_minus_j                      EC65      1F      31       2   .text       
     _LMUL_k_is_k_mul_j                        EC84      81     129       1   .text       
     _LDIVMOD                                  ED05      A4     164       1   .text       
     _NEG_L_HX                                 EDA9      13      19       2   .text       
     _ABS_L_HX                                 EDBC       6       6       2   .text       
     _SPLITSIGN_L                              EDC2       A      10       1   .text       
     _LDIVS_k_is_k_div_j                       EDCC      27      39       1   .text       
     _LCMP_k_rel_j                             EDF3      1F      31       2   .text       
     _IMUL_STAR08                              EE12      27      39       2   .text       
     _IDIVU_STAR08                             EE39       D      13       3   .text       
     _IMODU_STAR08                             EE46      10      16       1   .text       
     _IMODU_8                                  EE56      12      18       1   .text       
     _ICMP                                     EE68      16      22       1   .text       
     _LSUB                                     EE7E       6       6       1   .text       
     _LSUB_RC                                  EE84       6       6       1   .text       
     _LMUL_RC                                  EE8A       6       6       2   .text       
     _LDIVS_LC                                 EE90       6       6       1   .text       
     _LCMP                                     EE96       6       6       1   .text       
     _LCMP_RC                                  EE9C       6       6       2   .text       
     _COPY                                     EEA2      30      48       1   .text       
     _POP32                                    EED2      1A      26       4   .text       
     _Vector_23                                FFD0       2       2       0   .abs_section_ffd0
     _Vector_16                                FFDE       2       2       0   .abs_section_ffde
     _Vector_15                                FFE0       2       2       0   .abs_section_ffe0
     _Vector_12                                FFE6       2       2       0   .abs_section_ffe6
     _Vector_6                                 FFF2       2       2       0   .abs_section_fff2

*********************************************************************************************
UNUSED-OBJECTS SECTION
---------------------------------------------------------------------------------------------
NOT USED PROCEDURES
DirectionManager_c.obj:
  DirectionManager_getDirection 
StringUtilis_c.obj:
  StringUtils_setSize 
TimersManager_c.obj:
  TimersMngr_StopTimer TimersMngr_SetPointer 
rtshc08.o (ansiis.lib):
  _PUSH_ARGS_D _ENTER_UNARY_L _ENTER_UNARY_L64 _ENTER_UNARY_L64_4 
  _ENTER_BINARY_L64 _ENTER_BINARY_L64_LC _ENTER_BINARY_L64_RC _SPLITSIGN 
  _LADD_k_is_k_plus_j _LAND_k_is_k_and_j _LOR_k_is_k_or_j _LXOR_k_is_k_xor_j 
  _LMODU_k_is_k_mod_j _LDIVU_k_is_k_div_j _LMODS_k_is_k_mod_j _CMP24_k_rel_j 
  _BMULS _BDIVS _BMODS _IDIVS_STAR08 _IMODS_STAR08 _IDIVU_8 _IASR _ILSR _ILSL 
  _LINC _LDEC _LNEG _LNOT _LADD _LADD_RC _LSUB_LC _LAND _LAND_RC _LOR _LOR_RC 
  _LXOR _LXOR_RC _LMUL _LDIVS _LDIVS_RC _LDIVU _LDIVU_LC _LDIVU_RC _LMODS 
  _LMODS_LC _LMODS_RC _LMODU _LMODU_LC _LMODU_RC _LASR _LLSR _LLSL 
  _PUSH_ARGS_24 _ENTER_BINARY_24_RC _ENTER_BINARY_24 _CMP24 _CMP24_RC _COPY_L 
  _POP64 _STORE32 _STORE64 _SEXT8_32 _SEXT16_32 _CALL_STAR08 _CALL_STAR08_FAR 
  _Jump_Table_Addr _Jump_Table_Offset _Jump_Table_Header_Addr 
  _Jump_Table_Header_Offset _Search_Table_16_Addr _Search_Table_16_Offset 
  _Search_Table_8_Addr _Search_Table_8_Offset _PUSH_CC _POP_CC 
  _CONV_FAR_TO_NEAR _CONV_FAR_TO_LINEAR _CONV_LINEAR_TO_FAR 
NOT USED VARIABLES
LCDManager_c.obj:
  msgSize initInstructions newMsg 
StringUtilis_c.obj:
  size 
main_c.obj:
  msgDistanceSize clockWise counterClockWise msgTempLim msgTempLimSize 
  optTempLimSize msgTempSize numAfterDec optRpsSize optDegreeSize optDirCwSize 
  optDirCcwSize optMotorOnSize optMotorOffSize msgMotorSize msgRpsSize 
  msgDirSize msgStepSize msgStepSizeCcw msgProfSaveSize msgProfUseSize 
  msgDoneSize invalidMsgSize msgProfSave msgProfUse overTempDetect 
  overTempDetectsize msgDistance optDistanceSize twoNumAfterDec tempDg 
rtshc08.o (ansiis.lib):
  _PowOfTwo_8 _PowOfTwo_16 _PowOfTwo_32 errno 

*********************************************************************************************
COPYDOWN SECTION
---------------------------------------------------------------------------------------------
------- ROM-ADDRESS: 0xEEEC ---- SIZE       4 ---
Filling bytes inserted
 005B0100
------- ROM-ADDRESS: 0xEEF0 ---- RAM-ADDRESS: 0x100 ---- SIZE      24 ---
Name of initialized Object : LCDDispData
 2043572020 2D2032302E 3020432020
 2020302E32 20525053
------- ROM-ADDRESS: 0xEF08 ---- SIZE       1 ---
Filling bytes inserted
 00
------- ROM-ADDRESS: 0xEF09 ---- RAM-ADDRESS: 0x119 ---- SIZE      24 ---
Name of initialized Object : DispData
 2043572020 2D2032302E 3120432020
 2020302E32 20525053
------- ROM-ADDRESS: 0xEF21 ---- SIZE       6 ---
Filling bytes inserted
 0000000000 00
------- ROM-ADDRESS: 0xEF27 ---- RAM-ADDRESS: 0x137 ---- SIZE       3 ---
Name of initialized Object : portA2seq:5
 010101
------- ROM-ADDRESS: 0xEF2A ---- SIZE       3 ---
Filling bytes inserted
 000000
------- ROM-ADDRESS: 0xEF2D ---- RAM-ADDRESS: 0x13D ---- SIZE       3 ---
Name of initialized Object : portA3seq:3
 010101
------- ROM-ADDRESS: 0xEF30 ---- SIZE       3 ---
Filling bytes inserted
 000000
------- ROM-ADDRESS: 0xEF33 ---- RAM-ADDRESS: 0x143 ---- SIZE       3 ---
Name of initialized Object : portB6seq:1
 010101
------- ROM-ADDRESS: 0xEF36 ---- SIZE       4 ---
Filling bytes inserted
 00000000
------- ROM-ADDRESS: 0xEF3A ---- RAM-ADDRESS: 0x14A ---- SIZE       2 ---
Name of initialized Object : portB7seq
 0101
------- ROM-ADDRESS: 0xEF3C ---- SIZE       5 ---
Filling bytes inserted
 0000000000
------- ROM-ADDRESS: 0xEF41 ---- RAM-ADDRESS: 0x151 ---- SIZE       1 ---
Name of initialized Object : portB7seq:7
 01
------- ROM-ADDRESS: 0xEF42 ---- RAM-ADDRESS: 0x152 ---- SIZE       9 ---
Name of initialized Object : tempMsg
 0A2020202E 20430A0D
------- ROM-ADDRESS: 0xEF4B ---- SIZE       2 ---
Filling bytes inserted
 0000

*********************************************************************************************
OBJECT-DEPENDENCIES SECTION
---------------------------------------------------------------------------------------------
Init                      USES _startupData loadByte 
_Startup                  USES __SEG_END_SSTACK Init main 
ADC_Init                  USES _APCTL1 _ADCSC1 
ADC_Read                  USES _ADCSC1 _ADCR 
DelayManager_Init         USES TimersMngr_CreateTimer TimersMngr_StartTimer 
DelayManager_getTimeUs    USES _IMUL_STAR08 _LDIVS_LC 
DirectionManager_Init     USES direction 
DirectionManager_Move     USES direction MotorStringManager_RotateClockwise 
                                MotorStringManager_RotateCounterClockwise 
DirectionManager_setDirection USES direction 
LCDManager_TimerInit      USES LCDDispData _TPMSC _TPMC1SC _TPMC1V _SRTISC 
LCDManager_Refresh        USES sending _PTBD _TPMC1SC 
LCDManager_setData        USES LCDDispData 
LCDManager_Init           USES LCDDispData _SPIC1 _SPIC2 _SPIBR _PTBDD _PTBD 
                                initmode sending LCDManager_TimerInit 
LCDManager_SendData       USES _SPIS initmode instCounter InitLCD msgCounter 
                                _PTBD LCDDispData _SPID sending _TPMC1SC 
ISR_TPMC1                 USES _TPMSC _TPMC1SC _TPMC1V LCDManager_SendData 
ISR_RTI                   USES _SRTISC LCDManager_Refresh 
MTIM_Init                 USES _MTIMSC _MTIMCLK _MTIMMOD 
MTIM_RegisterIsrCallback  USES sMtimIsrCallback 
MTIM_isr                  USES _MTIMSC sMtimIsrCallback 
MsgManager_Init           USES SCI_InitTx SCI_InitRx LCDManager_Init 
                                MsgManager_ReceiveMessage SCI_SetRxCallBack RxIndex Buffer_Select 
                                MsgManagerBuffer1_isFull MsgManagerBuffer2_isFull 
MsgManager_updateDir      USES DispData LCDManager_setData 
MsgManager_updateSpeed    USES DispData LCDManager_setData 
MsgManager_updateTemp     USES DispData LCDManager_setData 
MsgManager_SendMessage    USES SCI_SendMessage 
MsgManager_TxisBusy       USES SCI_TxIsBusy 
MsgManager_GetMessageReceived USES MsgManagerBuffer1_isFull MsgManager_Buffer1 
                                MsgManager_Buffer2 MsgManagerBuffer2_isFull 
MsgManager_isNewMessageReady USES MsgManagerBuffer2_isFull 
                                MsgManagerBuffer1_isFull 
MsgManager_ReceiveMessage USES SCI_getChar RxIndex Buffer_Select 
                                MsgManagerBuffer1_isFull MsgManagerBuffer2_isFull MsgManager_Buffer1 
                                MsgManager_Buffer2 
MotorStringManager_Init   USES _PTADD _PTBDD s_index portA2seq _PTAD portA3seq 
                                portB6seq _PTBD portB7seq 
MotorStringManager_RotateCounterClockwise USES s_index portA2seq _PTAD 
                                portA3seq portB6seq _PTBD portB7seq 
MotorStringManager_RotateClockwise USES s_index portA2seq _PTAD portA3seq 
                                portB6seq _PTBD portB7seq 
SCI_RX                    USES _SRS _SCIS1 _fnRxCallback 
SCI_TxISR                 USES _SCIS1 _u8TxIndex _u8TxSize _SCIC2 bTX_IsBusy 
                                _cTxMSG _SCID 
SCI_InitTx                USES _SCIBD _SCIC2 
SCI_InitRx                USES _SCIC2 _SCIBD 
SCI_SendMessage           USES bTX_IsBusy _cTxMSG _u8TxSize _u8TxIndex _SCIC2 
SCI_TxIsBusy              USES bTX_IsBusy 
SCI_SetRxCallBack         USES _fnRxCallback 
SCI_getChar               USES _SCID 
StringUtils_Str2Num       USES _ICMP _IMUL_STAR08 
StringUtils_Num2Str       USES StringUtils_Num2Str _IDIVU_STAR08 _IMODU_8 
TEMPERATURE_Read          USES ADC_Read 
TEMPERATURE_Init          USES ADC_Init 
TimersMngr_Init           USES sTimersObjArray su8ActiveTimers su8Timers 
                                MTIM_Init TimersMngr_UpdateCount 
                                MTIM_RegisterIsrCallback _MTIMSC 
TimersMngr_PeriodicTask   USES su16ElapsedTime TimersMngr_PeriodicTask 
                                sTimersObjArray _LCMP _LSUB _POP32 su8Timers 
TimersMngr_CreateTimer    USES su8Timers sTimersObjArray 
TimersMngr_StartTimer     USES su8Timers sTimersObjArray _COPY su8ActiveTimers 
TimersMngr_TimerHasElapsed USES sTimersObjArray 
TimersMngr_UpdateCount    USES su16ElapsedTime 
tryAgain                  USES MsgManager_TxisBusy invalidMsg 
                                MsgManager_SendMessage msgSuccess 
main                      USES TimersMngr_Init DelayManager_Init tempTimerID 
                                DirectionManager_Init MotorStringManager_Init TEMPERATURE_Init 
                                MsgManager_Init variableStepperTime motorDirection motorState 
                                msgSuccess temperatureLimit TimersMngr_PeriodicTask 
                                TimersMngr_UpdateCount TEMPERATURE_Read TimersMngr_TimerHasElapsed 
                                DirectionManager_Move main DirectionManager_setDirection 
                                MsgManager_isNewMessageReady currMsg MsgManager_GetMessageReceived msgMotor 
                                StringUtils_strcmp optMotorOn optMotorOff tryAgain msgRps 
                                MsgManager_updateSpeed StringUtils_Str2Num DelayManager_getTimeUs 
                                msgDir optDirCw optDirCcw MsgManager_updateDir 
                                msgStep _LMUL_RC _POP32 TimersMngr_StartTimer _SRS 
                                _LCMP_RC msgStepCcw MsgManager_clearMsg 
                                MsgManager_TxisBusy msgDone MsgManager_SendMessage tempMsg 
                                StringUtils_Num2Str MsgManager_updateTemp _LSUB_RC 
_ENTER_BINARY_L           USES _PUSH_ARGS_L 
_ENTER_BINARY_L_RC        USES _PUSH_ARGS_L 
_ENTER_BINARY_L_LC        USES _PUSH_ARGS_L 
_LMUL_k_is_k_mul_j        USES _k_is_k_plus_j_l _k_is_k_plus_j_i 
_ABS_L_HX                 USES _NEG_L_HX 
_SPLITSIGN_L              USES _ABS_L_HX 
_LDIVS_k_is_k_div_j       USES _SPLITSIGN_L _LDIVMOD _NEG_L_HX 
_IDIVU_STAR08             USES _IDIVMOD 
_IMODU_STAR08             USES _IDIVMOD 
_IMODU_8                  USES _IMODU_STAR08 
_LSUB                     USES _ENTER_BINARY_L _LSUB_k_is_k_minus_j 
_LSUB_RC                  USES _ENTER_BINARY_L_RC _LSUB_k_is_k_minus_j 
_LMUL_RC                  USES _ENTER_BINARY_L_RC _LMUL_k_is_k_mul_j 
_LDIVS_LC                 USES _ENTER_BINARY_L_LC _LDIVS_k_is_k_div_j 
_LCMP                     USES _ENTER_BINARY_L _LCMP_k_rel_j 
_LCMP_RC                  USES _ENTER_BINARY_L_RC _LCMP_k_rel_j 
_Vector_23                USES ISR_RTI 
_Vector_16                USES SCI_TxISR 
_Vector_15                USES SCI_RX 
_Vector_12                USES MTIM_isr 
_Vector_6                 USES ISR_TPMC1 

*********************************************************************************************
DEPENDENCY TREE
*********************************************************************************************
 main and _Startup Group
 | 
 +- main                
 |  | 
 |  +- TimersMngr_Init     
 |  |  | 
 |  |  +- MTIM_Init           
 |  |  |    
 |  |  +- TimersMngr_UpdateCount
 |  |  |    
 |  |  +- MTIM_RegisterIsrCallback
 |  |       
 |  +- DelayManager_Init   
 |  |  | 
 |  |  +- TimersMngr_CreateTimer
 |  |  |    
 |  |  +- TimersMngr_StartTimer
 |  |     | 
 |  |     +- _COPY               
 |  |          
 |  +- DirectionManager_Init
 |  |    
 |  +- MotorStringManager_Init
 |  |    
 |  +- TEMPERATURE_Init    
 |  |  | 
 |  |  +- ADC_Init            
 |  |       
 |  +- MsgManager_Init     
 |  |  | 
 |  |  +- SCI_InitTx          
 |  |  |    
 |  |  +- SCI_InitRx          
 |  |  |    
 |  |  +- LCDManager_Init     
 |  |  |  | 
 |  |  |  +- LCDManager_TimerInit
 |  |  |       
 |  |  +- MsgManager_ReceiveMessage
 |  |  |  | 
 |  |  |  +- SCI_getChar         
 |  |  |       
 |  |  +- SCI_SetRxCallBack   
 |  |       
 |  +- TimersMngr_PeriodicTask
 |  |  | 
 |  |  +- _LCMP               
 |  |  |  | 
 |  |  |  +- _ENTER_BINARY_L     
 |  |  |  |  | 
 |  |  |  |  +- _PUSH_ARGS_L        
 |  |  |  |       
 |  |  |  +- _LCMP_k_rel_j       
 |  |  |       
 |  |  +- _LSUB               
 |  |  |  | 
 |  |  |  +- _ENTER_BINARY_L      (see above)
 |  |  |  |  
 |  |  |  +- _LSUB_k_is_k_minus_j
 |  |  |       
 |  |  +- _POP32              
 |  |       
 |  +- TimersMngr_UpdateCount (see above)
 |  |  
 |  +- TEMPERATURE_Read    
 |  |  | 
 |  |  +- ADC_Read            
 |  |       
 |  +- TimersMngr_TimerHasElapsed
 |  |    
 |  +- DirectionManager_Move
 |  |  | 
 |  |  +- MotorStringManager_RotateClockwise
 |  |  |    
 |  |  +- MotorStringManager_RotateCounterClockwise
 |  |       
 |  +- DirectionManager_setDirection
 |  |    
 |  +- MsgManager_isNewMessageReady
 |  |    
 |  +- MsgManager_GetMessageReceived
 |  |    
 |  +- StringUtils_strcmp  
 |  |    
 |  +- tryAgain            
 |  |  | 
 |  |  +- MsgManager_TxisBusy 
 |  |  |  | 
 |  |  |  +- SCI_TxIsBusy        
 |  |  |       
 |  |  +- MsgManager_SendMessage
 |  |     | 
 |  |     +- SCI_SendMessage     
 |  |          
 |  +- MsgManager_updateSpeed
 |  |  | 
 |  |  +- LCDManager_setData  
 |  |       
 |  +- StringUtils_Str2Num 
 |  |  | 
 |  |  +- _ICMP               
 |  |  |    
 |  |  +- _IMUL_STAR08        
 |  |       
 |  +- DelayManager_getTimeUs
 |  |  | 
 |  |  +- _IMUL_STAR08         (see above)
 |  |  |  
 |  |  +- _LDIVS_LC           
 |  |     | 
 |  |     +- _ENTER_BINARY_L_LC  
 |  |     |  | 
 |  |     |  +- _PUSH_ARGS_L         (see above)
 |  |     |     
 |  |     +- _LDIVS_k_is_k_div_j 
 |  |        | 
 |  |        +- _SPLITSIGN_L        
 |  |        |  | 
 |  |        |  +- _ABS_L_HX           
 |  |        |     | 
 |  |        |     +- _NEG_L_HX           
 |  |        |          
 |  |        +- _LDIVMOD            
 |  |        |    
 |  |        +- _NEG_L_HX            (see above)
 |  |           
 |  +- MsgManager_updateDir
 |  |  | 
 |  |  +- LCDManager_setData   (see above)
 |  |     
 |  +- _LMUL_RC            
 |  |  | 
 |  |  +- _ENTER_BINARY_L_RC  
 |  |  |  | 
 |  |  |  +- _PUSH_ARGS_L         (see above)
 |  |  |     
 |  |  +- _LMUL_k_is_k_mul_j  
 |  |     | 
 |  |     +- _k_is_k_plus_j_l    
 |  |     |    
 |  |     +- _k_is_k_plus_j_i    
 |  |          
 |  +- _POP32               (see above)
 |  |  
 |  +- TimersMngr_StartTimer (see above)
 |  |  
 |  +- _LCMP_RC            
 |  |  | 
 |  |  +- _ENTER_BINARY_L_RC   (see above)
 |  |  |  
 |  |  +- _LCMP_k_rel_j        (see above)
 |  |     
 |  +- MsgManager_clearMsg 
 |  |    
 |  +- MsgManager_TxisBusy  (see above)
 |  |  
 |  +- MsgManager_SendMessage (see above)
 |  |  
 |  +- StringUtils_Num2Str 
 |  |  | 
 |  |  +- _IDIVU_STAR08       
 |  |  |  | 
 |  |  |  +- _IDIVMOD            
 |  |  |       
 |  |  +- _IMODU_8            
 |  |     | 
 |  |     +- _IMODU_STAR08       
 |  |        | 
 |  |        +- _IDIVMOD             (see above)
 |  |           
 |  +- MsgManager_updateTemp
 |  |  | 
 |  |  +- LCDManager_setData   (see above)
 |  |     
 |  +- _LSUB_RC            
 |     | 
 |     +- _ENTER_BINARY_L_RC   (see above)
 |     |  
 |     +- _LSUB_k_is_k_minus_j (see above)
 |        
 +- _Startup            
    | 
    +- Init                
    |  | 
    |  +- loadByte            
    |       
    +- main                 (see above)
       
 _Vector_6           
 | 
 +- ISR_TPMC1           
    | 
    +- LCDManager_SendData 
         
 _Vector_23          
 | 
 +- ISR_RTI             
    | 
    +- LCDManager_Refresh  
         
 _Vector_12          
 | 
 +- MTIM_isr            
      
 _Vector_15          
 | 
 +- SCI_RX              
      
 _Vector_16          
 | 
 +- SCI_TxISR           
      
*********************************************************************************************
STATISTIC SECTION
---------------------------------------------------------------------------------------------

ExeFile:
--------
Number of blocks to be downloaded: 10
Total size of all blocks to be downloaded: 3929

